// Jest Snapshot v1, https://goo.gl/fbAQLP

exports[`test header search input 1`] = `
<ViewManagerAdapter_ExpoLinearGradient
  proxiedProperties={
    Object {
      "colors": Array [
        4294939962,
        16749882,
      ],
      "endPoint": undefined,
      "locations": undefined,
      "startPoint": undefined,
    }
  }
  style={
    Object {
      "paddingBottom": 32,
      "paddingHorizontal": 16,
      "paddingTop": 8,
    }
  }
>
  <View
    style={
      Object {
        "alignItems": "center",
        "flexDirection": "row",
        "justifyContent": "space-between",
      }
    }
  >
    <Text
      style={
        Object {
          "color": "#FFFFFF",
          "fontSize": 20,
          "fontWeight": "600",
        }
      }
    >
      Chào, 
       !
    </Text>
    <View
      style={
        Object {
          "alignItems": "center",
          "flexDirection": "row",
        }
      }
    >
      <View
        accessible={true}
        collapsable={false}
        focusable={true}
        onBlur={[Function]}
        onClick={[Function]}
        onFocus={[Function]}
        onResponderGrant={[Function]}
        onResponderMove={[Function]}
        onResponderRelease={[Function]}
        onResponderTerminate={[Function]}
        onResponderTerminationRequest={[Function]}
        onStartShouldSetResponder={[Function]}
        style={
          Object {
            "marginRight": 8,
            "position": "relative",
          }
        }
      >
        <Text />
        <Text
          style={
            Object {
              "backgroundColor": "red",
              "borderRadius": 50,
              "color": "white",
              "fontSize": 12,
              "paddingHorizontal": 5,
              "position": "absolute",
              "right": 0,
              "top": 0,
            }
          }
        >
          3
        </Text>
      </View>
      <Image
        source={
          Object {
            "uri": "https://media.gq.com/photos/56bcb218cdf2db6945d2ef93/master/pass/bieber-coverstory-square.jpg",
          }
        }
        style={
          Object {
            "borderRadius": 16,
            "height": 32,
            "width": 32,
          }
        }
      />
    </View>
  </View>
  <View
    style={
      Object {
        "marginVertical": 10,
      }
    }
  >
    <Image
      source={
        Object {
          "uri": "https://cdn.vectorstock.com/i/1000x1000/75/78/parking-conceptual-web-banner-car-park-vector-12827578.webp",
        }
      }
      style={
        Object {
          "borderRadius": 10,
          "height": 100,
          "width": "100%",
        }
      }
    />
  </View>
  <View
    style={
      Object {
        "alignItems": "center",
        "backgroundColor": "white",
        "borderRadius": 10,
        "elevation": 2,
        "flexDirection": "row",
        "height": 44,
        "marginVertical": 10,
        "paddingHorizontal": 10,
        "width": "100%",
      }
    }
  >
    <Text />
    <TextInput
      placeholder="Tìm kiếm bãi đỗ"
      placeholderTextColor="#FF953A"
      style={
        Array [
          Object {
            "flex": 1,
            "fontSize": 20,
            "marginLeft": 10,
          },
          undefined,
        ]
      }
    />
  </View>
</ViewManagerAdapter_ExpoLinearGradient>
`;
