// Jest Snapshot v1, https://goo.gl/fbAQLP

exports[`test password 1`] = `
<View
  style={
    Object {
      "alignItems": "center",
      "backgroundColor": "#fff",
      "flex": 1,
      "justifyContent": "space-between",
      "padding": 20,
    }
  }
>
  <View
    style={
      Object {
        "width": "100%",
      }
    }
  >
    <Text
      style={
        Object {
          "fontSize": 16,
          "fontWeight": "bold",
        }
      }
    >
      Nhập mật khẩu của bạn
    </Text>
    <View
      style={
        Array [
          Object {
            "flexDirection": "row",
            "justifyContent": "space-between",
          },
          Array [
            Object {
              "backgroundColor": "#FBFBFB",
              "borderColor": "#FBFBFB",
              "borderRadius": 20,
              "borderWidth": 1,
              "justifyContent": "center",
              "marginVertical": 10,
              "paddingHorizontal": 20,
              "paddingVertical": 30,
            },
            false,
            false,
          ],
        ]
      }
    >
      <Text
        collapsable={false}
        style={
          Object {
            "backgroundColor": "rgba(217, 217, 217, 1)",
            "borderRadius": 100,
            "fontSize": 0,
            "height": 10,
            "lineHeight": 5,
            "marginHorizontal": 8,
            "textAlign": "center",
            "width": 10,
          }
        }
      />
      <Text
        collapsable={false}
        style={
          Object {
            "backgroundColor": "rgba(217, 217, 217, 1)",
            "borderRadius": 100,
            "fontSize": 0,
            "height": 10,
            "lineHeight": 5,
            "marginHorizontal": 8,
            "textAlign": "center",
            "width": 10,
          }
        }
      />
      <Text
        collapsable={false}
        style={
          Object {
            "backgroundColor": "rgba(217, 217, 217, 1)",
            "borderRadius": 100,
            "fontSize": 0,
            "height": 10,
            "lineHeight": 5,
            "marginHorizontal": 8,
            "textAlign": "center",
            "width": 10,
          }
        }
      />
      <Text
        collapsable={false}
        style={
          Object {
            "backgroundColor": "rgba(217, 217, 217, 1)",
            "borderRadius": 100,
            "fontSize": 0,
            "height": 10,
            "lineHeight": 5,
            "marginHorizontal": 8,
            "textAlign": "center",
            "width": 10,
          }
        }
      />
      <Text
        collapsable={false}
        style={
          Object {
            "backgroundColor": "rgba(217, 217, 217, 1)",
            "borderRadius": 100,
            "fontSize": 0,
            "height": 10,
            "lineHeight": 5,
            "marginHorizontal": 8,
            "textAlign": "center",
            "width": 10,
          }
        }
      />
      <Text
        collapsable={false}
        style={
          Object {
            "backgroundColor": "rgba(217, 217, 217, 1)",
            "borderRadius": 100,
            "fontSize": 0,
            "height": 10,
            "lineHeight": 5,
            "marginHorizontal": 8,
            "textAlign": "center",
            "width": 10,
          }
        }
      />
      <TextInput
        autoCapitalize="characters"
        autoCorrect={false}
        blurOnSubmit={false}
        caretHidden={true}
        clearButtonMode="never"
        disableFullscreenUI={true}
        keyboardType="number-pad"
        maxLength={6}
        onBlur={[Function]}
        onChange={[Function]}
        onChangeText={[Function]}
        onFocus={[Function]}
        onPressIn={[Function]}
        spellCheck={false}
        style={
          Object {
            "bottom": 0,
            "fontSize": 1,
            "left": 0,
            "opacity": 0.01,
            "position": "absolute",
            "right": 0,
            "top": 0,
          }
        }
        textContentType="oneTimeCode"
        underlineColorAndroid="transparent"
        value=""
      />
    </View>
    <Text
      style={
        Object {
          "fontSize": 16,
          "fontWeight": "bold",
        }
      }
    >
      Nhập lại mật khẩu
    </Text>
    <View
      style={
        Array [
          Object {
            "flexDirection": "row",
            "justifyContent": "space-between",
          },
          Array [
            Object {
              "backgroundColor": "#FBFBFB",
              "borderColor": "#FBFBFB",
              "borderRadius": 20,
              "borderWidth": 1,
              "justifyContent": "center",
              "marginVertical": 10,
              "paddingHorizontal": 20,
              "paddingVertical": 30,
            },
            false,
            false,
          ],
        ]
      }
    >
      <Text
        collapsable={false}
        style={
          Object {
            "backgroundColor": "rgba(217, 217, 217, 1)",
            "borderRadius": 100,
            "fontSize": 0,
            "height": 10,
            "lineHeight": 5,
            "marginHorizontal": 8,
            "textAlign": "center",
            "width": 10,
          }
        }
      />
      <Text
        collapsable={false}
        style={
          Object {
            "backgroundColor": "rgba(217, 217, 217, 1)",
            "borderRadius": 100,
            "fontSize": 0,
            "height": 10,
            "lineHeight": 5,
            "marginHorizontal": 8,
            "textAlign": "center",
            "width": 10,
          }
        }
      />
      <Text
        collapsable={false}
        style={
          Object {
            "backgroundColor": "rgba(217, 217, 217, 1)",
            "borderRadius": 100,
            "fontSize": 0,
            "height": 10,
            "lineHeight": 5,
            "marginHorizontal": 8,
            "textAlign": "center",
            "width": 10,
          }
        }
      />
      <Text
        collapsable={false}
        style={
          Object {
            "backgroundColor": "rgba(217, 217, 217, 1)",
            "borderRadius": 100,
            "fontSize": 0,
            "height": 10,
            "lineHeight": 5,
            "marginHorizontal": 8,
            "textAlign": "center",
            "width": 10,
          }
        }
      />
      <Text
        collapsable={false}
        style={
          Object {
            "backgroundColor": "rgba(217, 217, 217, 1)",
            "borderRadius": 100,
            "fontSize": 0,
            "height": 10,
            "lineHeight": 5,
            "marginHorizontal": 8,
            "textAlign": "center",
            "width": 10,
          }
        }
      />
      <Text
        collapsable={false}
        style={
          Object {
            "backgroundColor": "rgba(217, 217, 217, 1)",
            "borderRadius": 100,
            "fontSize": 0,
            "height": 10,
            "lineHeight": 5,
            "marginHorizontal": 8,
            "textAlign": "center",
            "width": 10,
          }
        }
      />
      <TextInput
        autoCapitalize="characters"
        autoCorrect={false}
        blurOnSubmit={false}
        caretHidden={true}
        clearButtonMode="never"
        disableFullscreenUI={true}
        keyboardType="number-pad"
        maxLength={6}
        onBlur={[Function]}
        onChange={[Function]}
        onChangeText={[Function]}
        onFocus={[Function]}
        onPressIn={[Function]}
        spellCheck={false}
        style={
          Object {
            "bottom": 0,
            "fontSize": 1,
            "left": 0,
            "opacity": 0.01,
            "position": "absolute",
            "right": 0,
            "top": 0,
          }
        }
        textContentType="oneTimeCode"
        underlineColorAndroid="transparent"
        value=""
      />
    </View>
  </View>
  <View
    accessible={true}
    collapsable={false}
    focusable={true}
    onBlur={[Function]}
    onClick={[Function]}
    onFocus={[Function]}
    onResponderGrant={[Function]}
    onResponderMove={[Function]}
    onResponderRelease={[Function]}
    onResponderTerminate={[Function]}
    onResponderTerminationRequest={[Function]}
    onStartShouldSetResponder={[Function]}
    style={
      Array [
        Object {
          "backgroundColor": "#FF953A",
          "borderRadius": 8,
          "paddingHorizontal": 12,
          "paddingVertical": 18,
          "width": "100%",
        },
        Object {
          "backgroundColor": "#FF953A",
        },
        Object {
          "borderRadius": 100,
          "marginBottom": 24,
        },
      ]
    }
  >
    <Text
      style={
        Array [
          Object {
            "fontSize": 18,
            "fontWeight": "600",
            "textAlign": "center",
          },
          Object {
            "color": "#fff",
          },
          undefined,
        ]
      }
    >
      Tiếp tục
    </Text>
  </View>
</View>
`;
