// Jest Snapshot v1, https://goo.gl/fbAQLP

exports[`test discover 1`] = `
<View
  style={
    Object {
      "alignItems": "center",
      "backgroundColor": "#fff",
      "flex": 1,
      "justifyContent": "space-between",
      "padding": 20,
    }
  }
>
  <View
    style={
      Object {
        "width": "100%",
      }
    }
  >
    <Text
      style={
        Object {
          "fontSize": 16,
          "fontWeight": "bold",
        }
      }
    >
      Mã xác thực được gửi đến 
      ****
    </Text>
    <View
      style={
        Array [
          Object {
            "flexDirection": "row",
            "justifyContent": "space-between",
          },
          Object {
            "justifyContent": "space-between",
            "marginVertical": 20,
          },
        ]
      }
    >
      <Text
        collapsable={false}
        style={
          Object {
            "backgroundColor": "rgba(251, 251, 251, 1)",
            "borderColor": "#B3B3B3",
            "borderRadius": 10,
            "borderWidth": 1,
            "fontSize": 20,
            "height": 50,
            "lineHeight": 45,
            "textAlign": "center",
            "width": 50,
          }
        }
      />
      <Text
        collapsable={false}
        style={
          Object {
            "backgroundColor": "rgba(251, 251, 251, 1)",
            "borderColor": "#B3B3B3",
            "borderRadius": 10,
            "borderWidth": 1,
            "fontSize": 20,
            "height": 50,
            "lineHeight": 45,
            "textAlign": "center",
            "width": 50,
          }
        }
      />
      <Text
        collapsable={false}
        style={
          Object {
            "backgroundColor": "rgba(251, 251, 251, 1)",
            "borderColor": "#B3B3B3",
            "borderRadius": 10,
            "borderWidth": 1,
            "fontSize": 20,
            "height": 50,
            "lineHeight": 45,
            "textAlign": "center",
            "width": 50,
          }
        }
      />
      <Text
        collapsable={false}
        style={
          Object {
            "backgroundColor": "rgba(251, 251, 251, 1)",
            "borderColor": "#B3B3B3",
            "borderRadius": 10,
            "borderWidth": 1,
            "fontSize": 20,
            "height": 50,
            "lineHeight": 45,
            "textAlign": "center",
            "width": 50,
          }
        }
      />
      <Text
        collapsable={false}
        style={
          Object {
            "backgroundColor": "rgba(251, 251, 251, 1)",
            "borderColor": "#B3B3B3",
            "borderRadius": 10,
            "borderWidth": 1,
            "fontSize": 20,
            "height": 50,
            "lineHeight": 45,
            "textAlign": "center",
            "width": 50,
          }
        }
      />
      <Text
        collapsable={false}
        style={
          Object {
            "backgroundColor": "rgba(251, 251, 251, 1)",
            "borderColor": "#B3B3B3",
            "borderRadius": 10,
            "borderWidth": 1,
            "fontSize": 20,
            "height": 50,
            "lineHeight": 45,
            "textAlign": "center",
            "width": 50,
          }
        }
      />
      <TextInput
        autoCapitalize="characters"
        autoCorrect={false}
        blurOnSubmit={false}
        caretHidden={true}
        clearButtonMode="never"
        disableFullscreenUI={true}
        keyboardType="number-pad"
        maxLength={6}
        onBlur={[Function]}
        onChangeText={[Function]}
        onFocus={[Function]}
        spellCheck={false}
        style={
          Object {
            "bottom": 0,
            "fontSize": 1,
            "left": 0,
            "opacity": 0.01,
            "position": "absolute",
            "right": 0,
            "top": 0,
          }
        }
        textContentType="oneTimeCode"
        underlineColorAndroid="transparent"
        value=""
      />
    </View>
    <View
      style={
        Object {
          "display": "flex",
          "flexDirection": "row",
          "justifyContent": "center",
        }
      }
    >
      <Text
        style={
          Object {
            "fontSize": 16,
            "textAlign": "center",
          }
        }
      >
        Gửi lại mã sau 
        30
        s.
      </Text>
    </View>
  </View>
  <View
    accessible={true}
    collapsable={false}
    focusable={true}
    onBlur={[Function]}
    onClick={[Function]}
    onFocus={[Function]}
    onResponderGrant={[Function]}
    onResponderMove={[Function]}
    onResponderRelease={[Function]}
    onResponderTerminate={[Function]}
    onResponderTerminationRequest={[Function]}
    onStartShouldSetResponder={[Function]}
    style={
      Array [
        Object {
          "backgroundColor": "#FF953A",
          "borderRadius": 8,
          "paddingHorizontal": 12,
          "paddingVertical": 18,
          "width": "100%",
        },
        Object {
          "backgroundColor": "#FF953A",
        },
        Object {
          "borderRadius": 100,
          "marginBottom": 24,
        },
      ]
    }
  >
    <Text
      style={
        Array [
          Object {
            "fontSize": 18,
            "fontWeight": "600",
            "textAlign": "center",
          },
          Object {
            "color": "#fff",
          },
          undefined,
        ]
      }
    >
      Tiếp tục
    </Text>
  </View>
</View>
`;
