// Jest Snapshot v1, https://goo.gl/fbAQLP

exports[`test settings 1`] = `
<View
  style={
    Object {
      "paddingVertical": 20,
    }
  }
>
  <Modal
    animationType="fade"
    hardwareAccelerated={false}
    transparent={true}
    visible={false}
  />
  <View
    style={
      Object {
        "backgroundColor": "#fff",
      }
    }
  >
    <View
      accessible={true}
      collapsable={false}
      focusable={true}
      onBlur={[Function]}
      onClick={[Function]}
      onFocus={[Function]}
      onResponderGrant={[Function]}
      onResponderMove={[Function]}
      onResponderRelease={[Function]}
      onResponderTerminate={[Function]}
      onResponderTerminationRequest={[Function]}
      onStartShouldSetResponder={[Function]}
      style={
        Object {
          "fontSize": 18,
          "paddingHorizontal": 20,
          "paddingVertical": 15,
        }
      }
    >
      <Text
        style={
          Object {
            "fontSize": 18,
          }
        }
      >
        Đổi mật khẩu
      </Text>
    </View>
    <View>
      <View
        style={
          Object {
            "alignItems": "center",
            "flexDirection": "row",
            "justifyContent": "space-between",
            "paddingHorizontal": 20,
            "paddingVertical": 8,
          }
        }
      >
        <Text
          style={
            Object {
              "fontSize": 18,
            }
          }
        >
          Xác thực vân tay
        </Text>
        <RCTSwitch
          accessibilityRole="switch"
          onChange={[Function]}
          onResponderTerminationRequest={[Function]}
          onStartShouldSetResponder={[Function]}
          onTintColor="#FF953A"
          style={
            Array [
              Object {
                "height": 31,
                "width": 51,
              },
              Array [
                Object {
                  "padding": 0,
                },
                Object {
                  "backgroundColor": "#3e3e3e",
                  "borderRadius": 16,
                },
              ],
            ]
          }
          thumbTintColor="#f4f3f4"
          tintColor="#E8E8E8"
          value={false}
        />
      </View>
      <Text>
        Vui lòng nhập mã pin để xác thực
      </Text>
      <View
        style={
          Array [
            Object {
              "flexDirection": "row",
              "justifyContent": "space-between",
            },
            Array [
              Object {
                "backgroundColor": "#FBFBFB",
                "borderColor": "#FBFBFB",
                "borderRadius": 20,
                "borderWidth": 1,
                "justifyContent": "center",
                "marginVertical": 10,
                "paddingHorizontal": 20,
                "paddingVertical": 30,
              },
              false,
              undefined,
            ],
          ]
        }
      >
        <Text
          collapsable={false}
          style={
            Object {
              "backgroundColor": "rgba(217, 217, 217, 1)",
              "borderRadius": 100,
              "fontSize": 0,
              "height": 10,
              "lineHeight": 5,
              "marginHorizontal": 8,
              "textAlign": "center",
              "width": 10,
            }
          }
        />
        <Text
          collapsable={false}
          style={
            Object {
              "backgroundColor": "rgba(217, 217, 217, 1)",
              "borderRadius": 100,
              "fontSize": 0,
              "height": 10,
              "lineHeight": 5,
              "marginHorizontal": 8,
              "textAlign": "center",
              "width": 10,
            }
          }
        />
        <Text
          collapsable={false}
          style={
            Object {
              "backgroundColor": "rgba(217, 217, 217, 1)",
              "borderRadius": 100,
              "fontSize": 0,
              "height": 10,
              "lineHeight": 5,
              "marginHorizontal": 8,
              "textAlign": "center",
              "width": 10,
            }
          }
        />
        <Text
          collapsable={false}
          style={
            Object {
              "backgroundColor": "rgba(217, 217, 217, 1)",
              "borderRadius": 100,
              "fontSize": 0,
              "height": 10,
              "lineHeight": 5,
              "marginHorizontal": 8,
              "textAlign": "center",
              "width": 10,
            }
          }
        />
        <Text
          collapsable={false}
          style={
            Object {
              "backgroundColor": "rgba(217, 217, 217, 1)",
              "borderRadius": 100,
              "fontSize": 0,
              "height": 10,
              "lineHeight": 5,
              "marginHorizontal": 8,
              "textAlign": "center",
              "width": 10,
            }
          }
        />
        <Text
          collapsable={false}
          style={
            Object {
              "backgroundColor": "rgba(217, 217, 217, 1)",
              "borderRadius": 100,
              "fontSize": 0,
              "height": 10,
              "lineHeight": 5,
              "marginHorizontal": 8,
              "textAlign": "center",
              "width": 10,
            }
          }
        />
        <TextInput
          autoCapitalize="characters"
          autoCorrect={false}
          blurOnSubmit={false}
          caretHidden={true}
          clearButtonMode="never"
          disableFullscreenUI={true}
          keyboardType="number-pad"
          maxLength={6}
          onBlur={[Function]}
          onChange={[Function]}
          onChangeText={[Function]}
          onFocus={[Function]}
          onPressIn={[Function]}
          spellCheck={false}
          style={
            Object {
              "bottom": 0,
              "fontSize": 1,
              "left": 0,
              "opacity": 0.01,
              "position": "absolute",
              "right": 0,
              "top": 0,
            }
          }
          textContentType="oneTimeCode"
          underlineColorAndroid="transparent"
          value=""
        />
      </View>
      <View
        accessible={true}
        collapsable={false}
        focusable={true}
        onBlur={[Function]}
        onClick={[Function]}
        onFocus={[Function]}
        onResponderGrant={[Function]}
        onResponderMove={[Function]}
        onResponderRelease={[Function]}
        onResponderTerminate={[Function]}
        onResponderTerminationRequest={[Function]}
        onStartShouldSetResponder={[Function]}
      >
        <Text
          style={
            Object {
              "color": "#FF953A",
              "fontSize": 16,
              "marginTop": 10,
              "padding": 16,
              "textAlign": "center",
            }
          }
        >
          Xác thực
        </Text>
      </View>
    </View>
  </View>
</View>
`;
